\BOOKMARK [0][-]{section*.8}{\376\377\004\027\004\076\004\105\004\070\004\076\004\063\004\107\000\040\004\115\004\100\004\105\004\070\004\071\004\075\000\040\004\105\004\060\004\074\004\063\004\060\004\060\004\073\004\060\004\073}{}% 1
\BOOKMARK [0][-]{section*.8}{\376\377\004\045\004\103\004\100\004\060\004\060\004\075\004\063\004\103\004\071}{}% 2
\BOOKMARK [0][-]{section*.9}{\376\377\004\042\004\060\004\073\004\060\004\100\004\105\004\060\004\073}{}% 3
\BOOKMARK [0][-]{table.0.1}{\376\377\004\042\004\076\004\062\004\107\004\070\004\073\004\101\004\076\004\075\000\040\004\257\004\063\004\101}{}% 4
\BOOKMARK [0][-]{section*.15}{\376\377\004\043\004\064\004\070\004\100\004\102\004\063\004\060\004\073}{}% 5
\BOOKMARK [0][-]{chapter.16}{\376\377\004\041\004\070\004\101\004\102\004\065\004\074\004\070\004\071\004\075\000\040\004\102\004\103\004\105\004\060\004\071\000\040\004\076\004\075\004\076\004\073\000,\000\040\004\060\004\100\004\063\004\060\000\040\004\067\004\257\004\071\004\075\000\040\004\101\004\103\004\064\004\060\004\073\004\063\004\060\004\060}{}% 6
\BOOKMARK [1][-]{section.17}{\376\377\004\020\004\066\004\073\004\113\004\075\000\040\004\061\004\060\004\071\004\100\004\075\004\113\000\040\004\101\004\076\004\075\004\063\004\076\004\075\000\040\004\110\004\060\004\073\004\063\004\060\004\100\004\103\004\103\004\073\004\060\004\073\004\102\004\113\004\075\000\040\004\102\004\103\004\105\004\060\004\071}{chapter.16}% 7
\BOOKMARK [1][-]{section.18}{\376\377\004\043\004\073\004\060\004\074\004\066\004\073\004\060\004\073\004\102\000\040\004\061\004\076\004\073\004\076\004\075\000\040\000A\000I\000-\004\064\000\040\004\101\004\103\004\103\004\100\004\070\004\073\004\101\004\060\004\075\000\040\004\101\004\076\004\075\004\063\004\076\004\075\000\040\004\110\004\060\004\073\004\063\004\060\004\100\004\103\004\103\004\073\004\060\004\073\004\102}{chapter.16}% 8
\BOOKMARK [1][-]{section.19}{\376\377\000A\000I\000-\004\064\000\040\004\101\004\103\004\103\004\100\004\070\004\073\004\101\004\060\004\075\000\040\004\257\004\075\004\115\004\073\004\063\004\115\004\115\004\075\004\070\004\071\000\040\004\060\004\073\004\063\004\076\004\100\004\070\004\102\004\074\004\103\004\103\004\064}{chapter.16}% 9
\BOOKMARK [1][-]{section.20}{\376\377\004\030\004\066\004\070\004\073\000\040\004\102\004\351\004\101\004\102\004\115\004\071\000\040\004\101\004\070\004\101\004\102\004\065\004\074\004\070\004\071\004\075\000\040\004\101\004\103\004\064\004\060\004\073\004\063\004\060\004\060}{chapter.16}% 10
\BOOKMARK [1][-]{section.21}{\376\377\004\045\004\351\004\063\004\066\004\257\004\257\004\073\004\115\004\073\004\102\004\115\004\064\000\040\004\060\004\110\004\070\004\063\004\073\004\060\004\105\000\040\004\060\004\073\004\063\004\076\004\100\004\070\004\102\004\074}{chapter.16}% 11
\BOOKMARK [1][-]{section.22}{\376\377\004\042\004\065\004\105\004\075\004\076\004\073\004\076\004\063\004\070\004\071\004\075\000\040\004\101\004\103\004\064\004\060\004\073\004\063\004\060\004\060}{chapter.16}% 12
\BOOKMARK [2][-]{subsection.24}{\376\377\000B\000a\000c\000k\000-\000E\000n\000d\000\040\004\105\004\351\004\063\004\066\004\257\004\257\004\073\004\115\004\073\004\102\004\115\004\064\000\040\004\060\004\110\004\070\004\063\004\073\004\060\004\105\000\040\004\102\004\065\004\105\004\075\004\076\004\073\004\076\004\063\004\070\004\103\004\064}{section.22}% 13
\BOOKMARK [3][-]{subsubsection*.25}{\376\377\000G\000o\000\040\000\050\000G\000o\000l\000a\000n\000g\000\051\000\040\004\077\004\100\004\076\004\063\004\100\004\060\004\074\004\074\004\107\004\073\004\060\004\073\004\113\004\075\000\040\004\105\004\115\004\073}{subsection.24}% 14
\BOOKMARK [3][-]{subsubsection*.27}{\376\377\000C\000h\000i\000\040\000r\000o\000u\000t\000e\000r}{subsection.24}% 15
\BOOKMARK [2][-]{subsection.29}{\376\377\000F\000r\000o\000n\000t\000-\000E\000n\000d\000\040\004\105\004\351\004\063\004\066\004\257\004\257\004\073\004\115\004\073\004\102\004\115\004\064\000\040\004\060\004\110\004\070\004\063\004\073\004\060\004\105\000\040\004\102\004\065\004\105\004\075\004\076\004\073\004\076\004\063\004\070\004\103\004\064}{section.22}% 16
\BOOKMARK [3][-]{subsubsection*.30}{\376\377\000N\000u\000x\000t\000.\000j\000s}{subsection.29}% 17
\BOOKMARK [3][-]{subsubsection*.32}{\376\377\000T\000a\000i\000l\000w\000i\000n\000d\000\040\000C\000S\000S}{subsection.29}% 18
\BOOKMARK [3][-]{subsubsection*.34}{\376\377\000s\000h\000a\000d\000c\000n\000/\000v\000u\000e\000\040\004\072\004\076\004\074\004\077\004\076\004\075\004\065\004\075\004\102\004\113\004\075\000\040\004\101\004\060\004\075}{subsection.29}% 19
\BOOKMARK [2][-]{subsection.36}{\376\377\000A\000I\000\040\000s\000e\000r\000v\000i\000c\000e}{section.22}% 20
\BOOKMARK [3][-]{subsubsection*.37}{\376\377\000P\000y\000t\000h\000o\000n\000\040\004\077\004\100\004\076\004\063\004\100\004\060\004\074\004\074\004\107\004\073\004\060\004\073\004\113\004\075\000\040\004\105\004\115\004\073}{subsection.36}% 21
\BOOKMARK [3][-]{subsubsection*.39}{\376\377\000F\000a\000s\000t\000A\000P\000I\000\040\000f\000r\000a\000m\000e\000w\000o\000r\000k}{subsection.36}% 22
\BOOKMARK [2][-]{subsection.40}{\376\377\004\350\004\063\004\351\004\063\004\064\004\073\004\070\004\071\004\075\000\040\004\101\004\060\004\075}{section.22}% 23
\BOOKMARK [3][-]{subsubsection*.41}{\376\377\000P\000o\000s\000t\000g\000r\000e\000S\000Q\000L\000\040\004\351\004\063\004\351\004\063\004\064\004\073\004\070\004\071\004\075\000\040\004\101\004\060\004\075}{subsection.40}% 24
\BOOKMARK [2][-]{subsection.43}{\376\377\004\045\004\351\004\063\004\066\004\257\004\257\004\073\004\115\004\073\004\102\004\070\004\071\004\075\000\040\004\076\004\100\004\107\004\070\004\075}{section.22}% 25
\BOOKMARK [3][-]{subsubsection*.44}{\376\377\000V\000i\000s\000u\000a\000l\000\040\000S\000t\000u\000d\000i\000o\000\040\000C\000o\000d\000e\000\040\000I\000D\000E}{subsection.43}% 26
\BOOKMARK [2][-]{subsection.46}{\376\377\004\032\004\076\004\064\004\113\004\075\000\040\004\074\004\065\004\075\004\065\004\066\004\074\004\065\004\075\004\102}{section.22}% 27
\BOOKMARK [1][-]{section.47}{\376\377\004\021\004\257\004\073\004\063\004\070\004\071\004\075\000\040\004\064\004\257\004\063\004\075\004\115\004\073\004\102}{chapter.16}% 28
\BOOKMARK [0][-]{chapter.48}{\376\377\004\020\004\066\004\070\004\073\000\040\004\063\004\076\004\100\004\070\004\073\004\076\004\063\004\107\004\070\004\071\004\075\000\040\004\103\004\100\000\040\004\107\004\060\004\064\004\062\004\060\004\100\004\113\004\063\000\040\004\257\004\075\004\115\004\073\004\115\004\105\000\040\004\101\004\070\004\101\004\102\004\065\004\074\004\070\004\071\004\075\000\040\004\110\004\070\004\075\004\066\004\070\004\073\004\063\004\115\004\115}{}% 29
\BOOKMARK [1][-]{section.49}{\376\377\004\041\004\070\004\101\004\102\004\065\004\074\004\070\004\071\004\075\000\040\004\257\004\071\004\073\000\040\004\060\004\066\004\070\004\073\004\073\004\060\004\063\004\060\004\060\004\075\004\113\000\040\004\102\004\103\004\105\004\060\004\071\000\040\004\064\004\115\004\073\004\063\004\115\004\100\004\115\004\075\004\063\004\257\004\071}{chapter.48}% 30
\BOOKMARK [1][-]{section.50}{\376\377\004\041\004\070\004\101\004\102\004\065\004\074\004\070\004\071\004\063\000\040\004\060\004\110\004\070\004\063\004\073\004\060\004\105\000\040\004\105\004\115\004\100\004\115\004\063\004\073\004\115\004\063\004\107\004\070\004\064}{chapter.48}% 31
\BOOKMARK [1][-]{section.53}{\376\377\004\044\004\103\004\075\004\072\004\106\004\070\004\071\004\075\000\040\004\110\004\060\004\060\004\100\004\064\004\073\004\060\004\063\004\060}{chapter.48}% 32
\BOOKMARK [1][-]{section.88}{\376\377\004\044\004\103\004\075\004\072\004\106\004\070\004\071\004\075\000\040\004\061\004\103\004\101\000\040\004\110\004\060\004\060\004\100\004\064\004\073\004\060\004\063\004\060}{chapter.48}% 33
\BOOKMARK [1][-]{section.89}{\376\377\004\056\004\067\004\072\004\065\004\071\004\101\000\040\004\064\004\070\004\060\004\063\004\100\004\060\004\074\004\074}{chapter.48}% 34
\BOOKMARK [1][-]{section.92}{\376\377\004\056\004\067\004\072\004\065\004\071\004\101\004\070\004\071\004\075\000\040\004\102\004\076\004\064\004\076\004\100\004\105\004\076\004\071\004\073\004\076\004\073\004\102}{chapter.48}% 35
\BOOKMARK [1][-]{section.222}{\376\377\004\050\004\070\004\075\004\066\004\070\004\073\004\063\004\115\004\115\004\075\004\070\004\071\000\040\004\072\004\073\004\060\004\101\004\101\000\040\004\064\004\070\004\060\004\063\004\100\004\060\004\074\004\074}{chapter.48}% 36
\BOOKMARK [1][-]{section.225}{\376\377\004\050\004\070\004\075\004\066\004\070\004\073\004\063\004\115\004\115\004\075\004\070\004\071\000\040\004\064\004\060\004\100\004\060\004\060\004\073\004\073\004\113\004\075\000\040\004\064\004\070\004\060\004\063\004\100\004\060\004\074\004\074}{chapter.48}% 37
\BOOKMARK [1][-]{section.229}{\376\377\004\256\004\071\004\073\000\040\004\060\004\066\004\070\004\073\004\073\004\060\004\063\004\060\004\060\004\075\004\113\000\040\004\064\004\070\004\060\004\063\004\100\004\060\004\074\004\074}{chapter.48}% 38
\BOOKMARK [1][-]{section.232}{\376\377\004\021\004\257\004\073\004\063\004\070\004\071\004\075\000\040\004\064\004\257\004\063\004\075\004\115\004\073\004\102}{chapter.48}% 39
\BOOKMARK [0][-]{paragraph*.233}{\376\377\004\020\004\110\004\070\004\063\004\073\004\060\004\101\004\060\004\075\000\040\004\074\004\060\004\102\004\065\004\100\004\070\004\060\004\073\004\113\004\075\000\040\004\066\004\060\004\063\004\101\004\060\004\060\004\073\004\102}{}% 40
